AR quick1 level1 D:/172113049_Onder_ACIKGOZ_Bitirme_Tezi/Quicksort/quick1.vhd sub00/vhpl01 1609795584
EN quick1 NULL D:/172113049_Onder_ACIKGOZ_Bitirme_Tezi/Quicksort/quick1.vhd sub00/vhpl00 1609795583
EN quick2 NULL D:/172113049_Onder_ACIKGOZ_Bitirme_Tezi/Quicksort/quick2.vhd sub00/vhpl02 1609795585
EN quick3 NULL D:/172113049_Onder_ACIKGOZ_Bitirme_Tezi/Quicksort/quick3.vhd sub00/vhpl04 1609795587
EN sort NULL D:/172113049_Onder_ACIKGOZ_Bitirme_Tezi/Quicksort/sort.vhd sub00/vhpl06 1609795589
AR quick3 level3 D:/172113049_Onder_ACIKGOZ_Bitirme_Tezi/Quicksort/quick3.vhd sub00/vhpl05 1609795588
AR quick2 level2 D:/172113049_Onder_ACIKGOZ_Bitirme_Tezi/Quicksort/quick2.vhd sub00/vhpl03 1609795586
AR sort quick D:/172113049_Onder_ACIKGOZ_Bitirme_Tezi/Quicksort/sort.vhd sub00/vhpl07 1609795590
